C: PC Poly1 10 10 10 20 15 25 30 20 30 10
R: OK
C: EXIT
