OK
OK
OK
OK
OK
OK
OK
OK
OK
OK
ERR
#The file is not accessible for reading
OK
Intersection named oi1 from 2 objects
Union named or1 from 2 objects
Union named or2 from 2 objects
Polygon named pc1
Segment named s1
OK
