OK
OK
ERR
#Incorrect name
ERR
#Incorrect number of coordinates
OK

