OK
OK
OK
OK
OK
OK
OK
OK
OK
Intersection named oi1 from 2 objects
Union named or1 from 2 object
Union named or2 from 2 objects
Polygon named pc1
Segment named s1
