OK
OK
Rectangle named r1
Segment named s1
OK
Segment named s1
OK
OK
Polygon named pc1
Polygon named pc2
Segment named s1
OK
OK
OK
YES
OK
NO
OK
YES

